2026-03-08 14:35:25.779 INFO  [main] com.train.rest.RestApplication - Starting RestApplication using Java 21.0.10 with PID 32581 (/home/david/Apps/Rest/rest/target/classes started by david in /home/david/Apps/Rest/rest)
2026-03-08 14:35:25.783 DEBUG [main] com.train.rest.RestApplication - Running with Spring Boot v4.0.3, Spring v7.0.5
2026-03-08 14:35:25.785 INFO  [main] com.train.rest.RestApplication - No active profile set, falling back to 1 default profile: "default"
2026-03-08 14:35:26.128 INFO  [background-preinit] o.h.validator.internal.util.Version - HV000001: Hibernate Validator 9.0.1.Final
2026-03-08 14:35:26.880 INFO  [main] o.s.d.r.c.RepositoryConfigurationDelegate - Bootstrapping Spring Data JPA repositories in DEFAULT mode.
2026-03-08 14:35:26.956 INFO  [main] o.s.d.r.c.RepositoryConfigurationDelegate - Finished Spring Data repository scanning in 61 ms. Found 1 JPA repository interface.
2026-03-08 14:35:27.723 INFO  [main] o.s.boot.tomcat.TomcatWebServer - Tomcat initialized with port 8080 (http)
2026-03-08 14:35:27.741 INFO  [main] o.a.coyote.http11.Http11NioProtocol - Initializing ProtocolHandler ["http-nio-8080"]
2026-03-08 14:35:27.745 INFO  [main] o.a.catalina.core.StandardService - Starting service [Tomcat]
2026-03-08 14:35:27.746 INFO  [main] o.a.catalina.core.StandardEngine - Starting Servlet engine: [Apache Tomcat/11.0.18]
2026-03-08 14:35:27.852 INFO  [main] o.s.b.w.c.s.WebApplicationContextInitializer - Root WebApplicationContext: initialization completed in 1987 ms
2026-03-08 14:35:28.205 INFO  [main] com.zaxxer.hikari.HikariDataSource - HikariPool-1 - Starting...
2026-03-08 14:35:28.535 INFO  [main] com.zaxxer.hikari.pool.HikariPool - HikariPool-1 - Added connection org.postgresql.jdbc.PgConnection@6537ac
2026-03-08 14:35:28.537 INFO  [main] com.zaxxer.hikari.HikariDataSource - HikariPool-1 - Start completed.
2026-03-08 14:35:28.807 INFO  [main] liquibase.database - Set default schema name to public
2026-03-08 14:35:29.657 INFO  [main] liquibase.changelog - Reading from public.databasechangelog
2026-03-08 14:35:29.760 INFO  [main] liquibase.ui - Database is up to date, no changesets to execute
2026-03-08 14:35:29.764 INFO  [main] liquibase.changelog - Reading from public.databasechangelog
2026-03-08 14:35:29.780 INFO  [main] liquibase.util - UPDATE SUMMARY
2026-03-08 14:35:29.781 INFO  [main] liquibase.util - Run:                          0
2026-03-08 14:35:29.781 INFO  [main] liquibase.util - Previously run:               1
2026-03-08 14:35:29.781 INFO  [main] liquibase.util - Filtered out:                 0
2026-03-08 14:35:29.781 INFO  [main] liquibase.util - -------------------------------
2026-03-08 14:35:29.781 INFO  [main] liquibase.util - Total change sets:            1
2026-03-08 14:35:29.783 INFO  [main] liquibase.util - Update summary generated
2026-03-08 14:35:29.785 INFO  [main] liquibase.command - Command execution complete
2026-03-08 14:35:30.738 INFO  [main] org.hibernate.orm.jpa - HHH008540: Processing PersistenceUnitInfo [name: default]
2026-03-08 14:35:30.828 INFO  [main] org.hibernate.orm.core - HHH000001: Hibernate ORM core version 7.2.4.Final
2026-03-08 14:35:31.726 INFO  [main] com.train.rest.RestApplication - Starting RestApplication using Java 21.0.10 with PID 32859 (/home/david/Apps/Rest/rest/target/classes started by david in /home/david/Apps/Rest/rest)
2026-03-08 14:35:31.732 DEBUG [main] com.train.rest.RestApplication - Running with Spring Boot v4.0.3, Spring v7.0.5
2026-03-08 14:35:31.735 INFO  [main] com.train.rest.RestApplication - No active profile set, falling back to 1 default profile: "default"
2026-03-08 14:35:31.858 INFO  [main] o.s.o.j.p.SpringPersistenceUnitInfo - No LoadTimeWeaver setup: ignoring JPA class transformer
2026-03-08 14:35:32.045 INFO  [main] o.hibernate.orm.connections.pooling - HHH10001005: Database info:
	Database JDBC URL [jdbc:postgresql://localhost:5432/mydb]
	Database driver: PostgreSQL JDBC Driver
	Database dialect: PostgreSQLDialect
	Database version: 15.17
	Default catalog/schema: mydb/public
	Autocommit mode: undefined/unknown
	Isolation level: READ_COMMITTED [default READ_COMMITTED]
	JDBC fetch size: none
	Pool: DataSourceConnectionProvider
	Minimum pool size: undefined/unknown
	Maximum pool size: undefined/unknown
2026-03-08 14:35:32.188 INFO  [background-preinit] o.h.validator.internal.util.Version - HV000001: Hibernate Validator 9.0.1.Final
2026-03-08 14:35:33.334 INFO  [main] o.s.d.r.c.RepositoryConfigurationDelegate - Bootstrapping Spring Data JPA repositories in DEFAULT mode.
2026-03-08 14:35:33.474 INFO  [main] o.s.d.r.c.RepositoryConfigurationDelegate - Finished Spring Data repository scanning in 116 ms. Found 1 JPA repository interface.
2026-03-08 14:35:33.838 INFO  [main] org.hibernate.orm.core - HHH000489: No JTA platform available (set 'hibernate.transaction.jta.platform' to enable JTA platform integration)
2026-03-08 14:35:33.852 INFO  [main] o.s.o.j.LocalContainerEntityManagerFactoryBean - Initialized JPA EntityManagerFactory for persistence unit 'default'
2026-03-08 14:35:34.023 INFO  [main] o.s.d.j.r.q.QueryEnhancerFactories - Hibernate is in classpath; If applicable, HQL parser will be used.
2026-03-08 14:35:34.293 WARN  [main] o.s.b.j.a.JpaBaseConfiguration$JpaWebConfiguration - spring.jpa.open-in-view is enabled by default. Therefore, database queries may be performed during view rendering. Explicitly configure spring.jpa.open-in-view to disable this warning
2026-03-08 14:35:34.539 DEBUG [main] o.s.w.s.m.m.a.RequestMappingHandlerMapping - 7 mappings in 'requestMappingHandlerMapping'
2026-03-08 14:35:34.568 INFO  [main] o.s.boot.tomcat.TomcatWebServer - Tomcat initialized with port 8080 (http)
2026-03-08 14:35:34.588 DEBUG [main] o.s.w.s.h.SimpleUrlHandlerMapping - Patterns [/webjars/**, /**] in 'resourceHandlerMapping'
2026-03-08 14:35:34.591 INFO  [main] o.a.coyote.http11.Http11NioProtocol - Initializing ProtocolHandler ["http-nio-8080"]
2026-03-08 14:35:34.596 INFO  [main] o.a.catalina.core.StandardService - Starting service [Tomcat]
2026-03-08 14:35:34.597 INFO  [main] o.a.catalina.core.StandardEngine - Starting Servlet engine: [Apache Tomcat/11.0.18]
2026-03-08 14:35:34.635 DEBUG [main] o.s.w.s.m.m.a.RequestMappingHandlerAdapter - ControllerAdvice beans: 0 @ModelAttribute, 0 @InitBinder, 2 RequestBodyAdvice, 1 ResponseBodyAdvice
2026-03-08 14:35:34.722 INFO  [main] o.s.b.w.c.s.WebApplicationContextInitializer - Root WebApplicationContext: initialization completed in 2821 ms
2026-03-08 14:35:34.739 DEBUG [main] o.s.w.s.m.m.a.ExceptionHandlerExceptionResolver - ControllerAdvice beans: 0 @ExceptionHandler, 1 ResponseBodyAdvice
2026-03-08 14:35:34.917 INFO  [main] o.a.coyote.http11.Http11NioProtocol - Starting ProtocolHandler ["http-nio-8080"]
2026-03-08 14:35:34.932 WARN  [main] o.s.b.w.s.s.c.AnnotationConfigServletWebServerApplicationContext - Exception encountered during context initialization - cancelling refresh attempt: org.springframework.context.ApplicationContextException: Failed to start bean 'webServerStartStop'
2026-03-08 14:35:34.940 INFO  [main] o.s.o.j.LocalContainerEntityManagerFactoryBean - Closing JPA EntityManagerFactory for persistence unit 'default'
2026-03-08 14:35:34.948 INFO  [main] com.zaxxer.hikari.HikariDataSource - HikariPool-1 - Shutdown initiated...
2026-03-08 14:35:34.960 INFO  [main] com.zaxxer.hikari.HikariDataSource - HikariPool-1 - Shutdown completed.
2026-03-08 14:35:34.981 INFO  [main] o.s.b.a.l.ConditionEvaluationReportLogger - 

Error starting ApplicationContext. To display the condition evaluation report re-run your application with 'debug' enabled.
2026-03-08 14:35:35.013 ERROR [main] o.s.b.d.LoggingFailureAnalysisReporter - 

***************************
APPLICATION FAILED TO START
***************************

Description:

Web server failed to start. Port 8080 was already in use.

Action:

Identify and stop the process that's listening on port 8080 or configure this application to listen on another port.

2026-03-08 14:35:35.168 INFO  [main] com.zaxxer.hikari.HikariDataSource - HikariPool-1 - Starting...
2026-03-08 14:35:35.490 INFO  [main] com.zaxxer.hikari.pool.HikariPool - HikariPool-1 - Added connection org.postgresql.jdbc.PgConnection@b56ec6c
2026-03-08 14:35:35.494 INFO  [main] com.zaxxer.hikari.HikariDataSource - HikariPool-1 - Start completed.
2026-03-08 14:35:35.808 INFO  [main] liquibase.database - Set default schema name to public
2026-03-08 14:35:37.128 INFO  [main] liquibase.changelog - Reading from public.databasechangelog
2026-03-08 14:35:37.267 INFO  [main] liquibase.ui - Database is up to date, no changesets to execute
2026-03-08 14:35:37.273 INFO  [main] liquibase.changelog - Reading from public.databasechangelog
2026-03-08 14:35:37.296 INFO  [main] liquibase.util - UPDATE SUMMARY
2026-03-08 14:35:37.296 INFO  [main] liquibase.util - Run:                          0
2026-03-08 14:35:37.296 INFO  [main] liquibase.util - Previously run:               1
2026-03-08 14:35:37.296 INFO  [main] liquibase.util - Filtered out:                 0
2026-03-08 14:35:37.297 INFO  [main] liquibase.util - -------------------------------
2026-03-08 14:35:37.297 INFO  [main] liquibase.util - Total change sets:            1
2026-03-08 14:35:37.299 INFO  [main] liquibase.util - Update summary generated
2026-03-08 14:35:37.302 INFO  [main] liquibase.command - Command execution complete
2026-03-08 14:35:38.216 INFO  [main] org.hibernate.orm.jpa - HHH008540: Processing PersistenceUnitInfo [name: default]
2026-03-08 14:35:38.331 INFO  [main] org.hibernate.orm.core - HHH000001: Hibernate ORM core version 7.2.4.Final
2026-03-08 14:35:39.412 INFO  [main] o.s.o.j.p.SpringPersistenceUnitInfo - No LoadTimeWeaver setup: ignoring JPA class transformer
2026-03-08 14:35:39.593 INFO  [main] o.hibernate.orm.connections.pooling - HHH10001005: Database info:
	Database JDBC URL [jdbc:postgresql://localhost:5432/mydb]
	Database driver: PostgreSQL JDBC Driver
	Database dialect: PostgreSQLDialect
	Database version: 15.17
	Default catalog/schema: mydb/public
	Autocommit mode: undefined/unknown
	Isolation level: READ_COMMITTED [default READ_COMMITTED]
	JDBC fetch size: none
	Pool: DataSourceConnectionProvider
	Minimum pool size: undefined/unknown
	Maximum pool size: undefined/unknown
2026-03-08 14:35:41.118 INFO  [main] org.hibernate.orm.core - HHH000489: No JTA platform available (set 'hibernate.transaction.jta.platform' to enable JTA platform integration)
2026-03-08 14:35:41.128 INFO  [main] o.s.o.j.LocalContainerEntityManagerFactoryBean - Initialized JPA EntityManagerFactory for persistence unit 'default'
2026-03-08 14:35:41.360 INFO  [main] o.s.d.j.r.q.QueryEnhancerFactories - Hibernate is in classpath; If applicable, HQL parser will be used.
2026-03-08 14:35:41.717 WARN  [main] o.s.b.j.a.JpaBaseConfiguration$JpaWebConfiguration - spring.jpa.open-in-view is enabled by default. Therefore, database queries may be performed during view rendering. Explicitly configure spring.jpa.open-in-view to disable this warning
2026-03-08 14:35:42.051 DEBUG [main] o.s.w.s.m.m.a.RequestMappingHandlerMapping - 7 mappings in 'requestMappingHandlerMapping'
2026-03-08 14:35:42.126 DEBUG [main] o.s.w.s.h.SimpleUrlHandlerMapping - Patterns [/webjars/**, /**] in 'resourceHandlerMapping'
2026-03-08 14:35:42.191 DEBUG [main] o.s.w.s.m.m.a.RequestMappingHandlerAdapter - ControllerAdvice beans: 0 @ModelAttribute, 0 @InitBinder, 2 RequestBodyAdvice, 1 ResponseBodyAdvice
2026-03-08 14:35:42.293 DEBUG [main] o.s.w.s.m.m.a.ExceptionHandlerExceptionResolver - ControllerAdvice beans: 0 @ExceptionHandler, 1 ResponseBodyAdvice
2026-03-08 14:35:42.564 INFO  [main] o.a.coyote.http11.Http11NioProtocol - Starting ProtocolHandler ["http-nio-8080"]
2026-03-08 14:35:42.578 WARN  [main] o.s.b.w.s.s.c.AnnotationConfigServletWebServerApplicationContext - Exception encountered during context initialization - cancelling refresh attempt: org.springframework.context.ApplicationContextException: Failed to start bean 'webServerStartStop'
2026-03-08 14:35:42.581 INFO  [main] o.s.o.j.LocalContainerEntityManagerFactoryBean - Closing JPA EntityManagerFactory for persistence unit 'default'
2026-03-08 14:35:42.587 INFO  [main] com.zaxxer.hikari.HikariDataSource - HikariPool-1 - Shutdown initiated...
2026-03-08 14:35:42.594 INFO  [main] com.zaxxer.hikari.HikariDataSource - HikariPool-1 - Shutdown completed.
2026-03-08 14:35:42.622 INFO  [main] o.s.b.a.l.ConditionEvaluationReportLogger - 

Error starting ApplicationContext. To display the condition evaluation report re-run your application with 'debug' enabled.
2026-03-08 14:35:42.652 ERROR [main] o.s.b.d.LoggingFailureAnalysisReporter - 

***************************
APPLICATION FAILED TO START
***************************

Description:

Web server failed to start. Port 8080 was already in use.

Action:

Identify and stop the process that's listening on port 8080 or configure this application to listen on another port.

2026-03-08 14:36:59.735 INFO  [main] com.train.rest.RestApplication - Starting RestApplication using Java 21.0.10 with PID 33686 (/home/david/Apps/Rest/rest/target/classes started by david in /home/david/Apps/Rest/rest)
2026-03-08 14:36:59.740 DEBUG [main] com.train.rest.RestApplication - Running with Spring Boot v4.0.3, Spring v7.0.5
2026-03-08 14:36:59.742 INFO  [main] com.train.rest.RestApplication - No active profile set, falling back to 1 default profile: "default"
2026-03-08 14:37:00.179 INFO  [background-preinit] o.h.validator.internal.util.Version - HV000001: Hibernate Validator 9.0.1.Final
2026-03-08 14:37:01.017 INFO  [main] o.s.d.r.c.RepositoryConfigurationDelegate - Bootstrapping Spring Data JPA repositories in DEFAULT mode.
2026-03-08 14:37:01.156 INFO  [main] o.s.d.r.c.RepositoryConfigurationDelegate - Finished Spring Data repository scanning in 104 ms. Found 1 JPA repository interface.
2026-03-08 14:37:02.079 INFO  [main] o.s.boot.tomcat.TomcatWebServer - Tomcat initialized with port 8080 (http)
2026-03-08 14:37:02.102 INFO  [main] o.a.coyote.http11.Http11NioProtocol - Initializing ProtocolHandler ["http-nio-8080"]
2026-03-08 14:37:02.106 INFO  [main] o.a.catalina.core.StandardService - Starting service [Tomcat]
2026-03-08 14:37:02.106 INFO  [main] o.a.catalina.core.StandardEngine - Starting Servlet engine: [Apache Tomcat/11.0.18]
2026-03-08 14:37:02.246 INFO  [main] o.s.b.w.c.s.WebApplicationContextInitializer - Root WebApplicationContext: initialization completed in 2387 ms
2026-03-08 14:37:02.655 INFO  [main] com.zaxxer.hikari.HikariDataSource - HikariPool-1 - Starting...
2026-03-08 14:37:02.982 INFO  [main] com.zaxxer.hikari.pool.HikariPool - HikariPool-1 - Added connection org.postgresql.jdbc.PgConnection@5bb8e6fc
2026-03-08 14:37:02.985 INFO  [main] com.zaxxer.hikari.HikariDataSource - HikariPool-1 - Start completed.
2026-03-08 14:37:03.305 INFO  [main] liquibase.database - Set default schema name to public
2026-03-08 14:37:04.171 INFO  [main] liquibase.changelog - Reading from public.databasechangelog
2026-03-08 14:37:04.287 INFO  [main] liquibase.ui - Database is up to date, no changesets to execute
2026-03-08 14:37:04.291 INFO  [main] liquibase.changelog - Reading from public.databasechangelog
2026-03-08 14:37:04.309 INFO  [main] liquibase.util - UPDATE SUMMARY
2026-03-08 14:37:04.309 INFO  [main] liquibase.util - Run:                          0
2026-03-08 14:37:04.310 INFO  [main] liquibase.util - Previously run:               1
2026-03-08 14:37:04.310 INFO  [main] liquibase.util - Filtered out:                 0
2026-03-08 14:37:04.310 INFO  [main] liquibase.util - -------------------------------
2026-03-08 14:37:04.310 INFO  [main] liquibase.util - Total change sets:            1
2026-03-08 14:37:04.312 INFO  [main] liquibase.util - Update summary generated
2026-03-08 14:37:04.314 INFO  [main] liquibase.command - Command execution complete
2026-03-08 14:37:05.394 INFO  [main] org.hibernate.orm.jpa - HHH008540: Processing PersistenceUnitInfo [name: default]
2026-03-08 14:37:05.521 INFO  [main] org.hibernate.orm.core - HHH000001: Hibernate ORM core version 7.2.4.Final
2026-03-08 14:37:06.743 INFO  [main] o.s.o.j.p.SpringPersistenceUnitInfo - No LoadTimeWeaver setup: ignoring JPA class transformer
2026-03-08 14:37:06.957 INFO  [main] o.hibernate.orm.connections.pooling - HHH10001005: Database info:
	Database JDBC URL [jdbc:postgresql://localhost:5432/mydb]
	Database driver: PostgreSQL JDBC Driver
	Database dialect: PostgreSQLDialect
	Database version: 15.17
	Default catalog/schema: mydb/public
	Autocommit mode: undefined/unknown
	Isolation level: READ_COMMITTED [default READ_COMMITTED]
	JDBC fetch size: none
	Pool: DataSourceConnectionProvider
	Minimum pool size: undefined/unknown
	Maximum pool size: undefined/unknown
2026-03-08 14:37:08.341 INFO  [main] org.hibernate.orm.core - HHH000489: No JTA platform available (set 'hibernate.transaction.jta.platform' to enable JTA platform integration)
2026-03-08 14:37:08.353 INFO  [main] o.s.o.j.LocalContainerEntityManagerFactoryBean - Initialized JPA EntityManagerFactory for persistence unit 'default'
2026-03-08 14:37:08.550 INFO  [main] o.s.d.j.r.q.QueryEnhancerFactories - Hibernate is in classpath; If applicable, HQL parser will be used.
2026-03-08 14:37:08.855 WARN  [main] o.s.b.j.a.JpaBaseConfiguration$JpaWebConfiguration - spring.jpa.open-in-view is enabled by default. Therefore, database queries may be performed during view rendering. Explicitly configure spring.jpa.open-in-view to disable this warning
2026-03-08 14:37:09.189 DEBUG [main] o.s.w.s.m.m.a.RequestMappingHandlerMapping - 7 mappings in 'requestMappingHandlerMapping'
2026-03-08 14:37:09.253 DEBUG [main] o.s.w.s.h.SimpleUrlHandlerMapping - Patterns [/webjars/**, /**] in 'resourceHandlerMapping'
2026-03-08 14:37:09.331 DEBUG [main] o.s.w.s.m.m.a.RequestMappingHandlerAdapter - ControllerAdvice beans: 0 @ModelAttribute, 0 @InitBinder, 2 RequestBodyAdvice, 1 ResponseBodyAdvice
2026-03-08 14:37:09.463 DEBUG [main] o.s.w.s.m.m.a.ExceptionHandlerExceptionResolver - ControllerAdvice beans: 0 @ExceptionHandler, 1 ResponseBodyAdvice
2026-03-08 14:37:09.629 INFO  [main] o.a.coyote.http11.Http11NioProtocol - Starting ProtocolHandler ["http-nio-8080"]
2026-03-08 14:37:09.665 INFO  [main] o.s.boot.tomcat.TomcatWebServer - Tomcat started on port 8080 (http) with context path '/'
2026-03-08 14:37:09.697 INFO  [main] com.train.rest.RestApplication - Started RestApplication in 10.984 seconds (process running for 11.912)
2026-03-08 14:37:52.479 INFO  [http-nio-8080-exec-3] o.a.c.c.C.[Tomcat].[localhost].[/] - Initializing Spring DispatcherServlet 'dispatcherServlet'
2026-03-08 14:37:52.480 INFO  [http-nio-8080-exec-3] o.s.web.servlet.DispatcherServlet - Initializing Servlet 'dispatcherServlet'
2026-03-08 14:37:52.481 DEBUG [http-nio-8080-exec-3] o.s.web.servlet.DispatcherServlet - Detected StandardServletMultipartResolver
2026-03-08 14:37:52.481 DEBUG [http-nio-8080-exec-3] o.s.web.servlet.DispatcherServlet - Detected AcceptHeaderLocaleResolver
2026-03-08 14:37:52.483 DEBUG [http-nio-8080-exec-3] o.s.web.servlet.DispatcherServlet - Detected org.springframework.web.servlet.view.DefaultRequestToViewNameTranslator@18eb6ea3
2026-03-08 14:37:52.484 DEBUG [http-nio-8080-exec-3] o.s.web.servlet.DispatcherServlet - Detected org.springframework.web.servlet.support.SessionFlashMapManager@5f6dd89c
2026-03-08 14:37:52.485 DEBUG [http-nio-8080-exec-3] o.s.web.servlet.DispatcherServlet - enableLoggingRequestDetails='false': request parameters and headers will be masked to prevent unsafe logging of potentially sensitive data
2026-03-08 14:37:52.485 INFO  [http-nio-8080-exec-3] o.s.web.servlet.DispatcherServlet - Completed initialization in 5 ms
2026-03-08 14:37:52.496 DEBUG [http-nio-8080-exec-3] o.s.web.servlet.DispatcherServlet - GET "/api/users/1", parameters={}
2026-03-08 14:37:52.513 DEBUG [http-nio-8080-exec-3] o.s.w.s.m.m.a.RequestMappingHandlerMapping - Mapped to com.train.rest.controller.UserController#getUserById(Long)
2026-03-08 14:37:52.513 INFO  [http-nio-8080-exec-3] c.t.rest.filter.LoggingInterceptor - Request: GET /api/users/1 200
2026-03-08 14:37:52.721 DEBUG [http-nio-8080-exec-3] org.hibernate.SQL - select u1_0.id,u1_0.created_at,u1_0.email,u1_0.modified_at,u1_0.user_surname,u1_0.user_name from users u1_0 where u1_0.id=?
2026-03-08 14:37:52.808 DEBUG [http-nio-8080-exec-3] o.s.w.s.m.m.a.HttpEntityMethodProcessor - Using 'application/json', given [*/*] and supported [application/json, application/*+json]
2026-03-08 14:37:52.811 DEBUG [http-nio-8080-exec-3] o.s.w.s.m.m.a.HttpEntityMethodProcessor - Writing [com.train.rest.model.User@635b66ad]
2026-03-08 14:37:52.931 DEBUG [http-nio-8080-exec-3] o.s.web.servlet.DispatcherServlet - Completed 200 OK
2026-03-08 14:38:02.595 DEBUG [http-nio-8080-exec-4] o.s.web.servlet.DispatcherServlet - PATCH "/api/users/1", parameters={}
2026-03-08 14:38:02.596 DEBUG [http-nio-8080-exec-4] o.s.w.s.m.m.a.RequestMappingHandlerMapping - Mapped to com.train.rest.controller.UserController#updateUser(Long, UpdateUserRequestV1)
2026-03-08 14:38:02.597 INFO  [http-nio-8080-exec-4] c.t.rest.filter.LoggingInterceptor - Request: PATCH /api/users/1 200
2026-03-08 14:38:02.683 DEBUG [http-nio-8080-exec-4] o.s.w.s.m.m.a.RequestResponseBodyMethodProcessor - Read "application/json;charset=UTF-8" to [UpdateUserRequestV1[userName=sdsdd, userSurname=ddd, email=davicn@igmail.net]]
2026-03-08 14:38:02.765 INFO  [http-nio-8080-exec-4] com.train.rest.service.UserService - Updating user with name id: 1
2026-03-08 14:38:02.767 DEBUG [http-nio-8080-exec-4] org.hibernate.SQL - select u1_0.id,u1_0.created_at,u1_0.email,u1_0.modified_at,u1_0.user_surname,u1_0.user_name from users u1_0 where u1_0.id=?
2026-03-08 14:38:02.820 DEBUG [http-nio-8080-exec-4] org.hibernate.SQL - update users set created_at=?,email=?,modified_at=?,user_surname=?,user_name=? where id=?
2026-03-08 14:38:02.836 DEBUG [http-nio-8080-exec-4] o.s.w.s.m.m.a.HttpEntityMethodProcessor - Using 'application/json', given [*/*] and supported [application/json, application/*+json]
2026-03-08 14:38:02.837 DEBUG [http-nio-8080-exec-4] o.s.w.s.m.m.a.HttpEntityMethodProcessor - Nothing to write: null body
2026-03-08 14:38:02.838 DEBUG [http-nio-8080-exec-4] o.s.web.servlet.DispatcherServlet - Completed 204 NO_CONTENT
2026-03-08 14:38:34.025 DEBUG [http-nio-8080-exec-5] o.s.web.servlet.DispatcherServlet - PATCH "/api/users/10", parameters={}
2026-03-08 14:38:34.026 DEBUG [http-nio-8080-exec-5] o.s.w.s.m.m.a.RequestMappingHandlerMapping - Mapped to com.train.rest.controller.UserController#updateUser(Long, UpdateUserRequestV1)
2026-03-08 14:38:34.026 INFO  [http-nio-8080-exec-5] c.t.rest.filter.LoggingInterceptor - Request: PATCH /api/users/10 200
2026-03-08 14:38:34.028 DEBUG [http-nio-8080-exec-5] o.s.w.s.m.m.a.RequestResponseBodyMethodProcessor - Read "application/json;charset=UTF-8" to [UpdateUserRequestV1[userName=sdsdd, userSurname=ddd, email=davicn@igmail.net]]
2026-03-08 14:38:34.030 INFO  [http-nio-8080-exec-5] com.train.rest.service.UserService - Updating user with name id: 10
2026-03-08 14:38:34.030 DEBUG [http-nio-8080-exec-5] org.hibernate.SQL - select u1_0.id,u1_0.created_at,u1_0.email,u1_0.modified_at,u1_0.user_surname,u1_0.user_name from users u1_0 where u1_0.id=?
2026-03-08 14:38:34.044 DEBUG [http-nio-8080-exec-5] o.s.w.s.m.a.ResponseStatusExceptionResolver - Resolved [org.springframework.web.server.ResponseStatusException: 404 NOT_FOUND]
2026-03-08 14:38:34.045 DEBUG [http-nio-8080-exec-5] o.s.web.servlet.DispatcherServlet - Completed 404 NOT_FOUND
2026-03-08 14:38:34.060 DEBUG [http-nio-8080-exec-5] o.s.web.servlet.DispatcherServlet - "ERROR" dispatch for GET "/error", parameters={}
2026-03-08 14:38:34.063 DEBUG [http-nio-8080-exec-5] o.s.w.s.m.m.a.RequestMappingHandlerMapping - Mapped to org.springframework.boot.webmvc.autoconfigure.error.BasicErrorController#error(HttpServletRequest)
2026-03-08 14:38:34.063 INFO  [http-nio-8080-exec-5] c.t.rest.filter.LoggingInterceptor - Request: GET /error 404
2026-03-08 14:38:34.069 DEBUG [http-nio-8080-exec-5] o.s.w.s.m.m.a.HttpEntityMethodProcessor - Using 'application/json', given [*/*] and supported [application/json, application/*+json]
2026-03-08 14:38:34.071 DEBUG [http-nio-8080-exec-5] o.s.w.s.m.m.a.HttpEntityMethodProcessor - Writing [{timestamp=Sun Mar 08 14:38:34 CET 2026, status=404, error=Not Found, path=/api/users/10}]
2026-03-08 14:38:34.092 DEBUG [http-nio-8080-exec-5] o.s.web.servlet.DispatcherServlet - Exiting from "ERROR" dispatch, status 404
2026-03-08 14:41:08.613 INFO  [SpringApplicationShutdownHook] o.s.boot.tomcat.GracefulShutdown - Commencing graceful shutdown. Waiting for active requests to complete
2026-03-08 14:41:08.616 INFO  [tomcat-shutdown] o.s.boot.tomcat.GracefulShutdown - Graceful shutdown complete
2026-03-08 14:41:08.621 INFO  [SpringApplicationShutdownHook] o.s.o.j.LocalContainerEntityManagerFactoryBean - Closing JPA EntityManagerFactory for persistence unit 'default'
2026-03-08 14:41:08.625 INFO  [SpringApplicationShutdownHook] com.zaxxer.hikari.HikariDataSource - HikariPool-1 - Shutdown initiated...
2026-03-08 14:41:08.630 INFO  [SpringApplicationShutdownHook] com.zaxxer.hikari.HikariDataSource - HikariPool-1 - Shutdown completed.
